[INFO] Extracting geographic data for model area

======================================================================
                  HYDROMODPY - EXAMPLE EX03 LAUNCHER                  
======================================================================

Enabled sections: ['watershed', 'data', 'recharge', 'parametrization', 'modeling', 'plot_cross_section', 'plot_map', 'plot_graph', 'matching_streams', 'modpath']


[STEP 1] Executing: watershed()

======================================================================
                  EXAMPLE 12 - WATERSHED EXTRACTION                   
======================================================================

 Configuration loaded from: config.toml
 Data path: /home/imene/Bureau/HydromodPyHackathon/HydromodPyGitHub/HydroModPy/examples/03S_short/data
  • DEM: /home/imene/Bureau/HydromodPyHackathon/HydromodPyGitHub/HydroModPy/examples/03S_short/data/regional dem.tif
[INFO] Initializing settings module for groundwater parameters
[INFO] Initializing hydraulic module for parameter setup
[INFO] Initializing transport module for concentration parameters
YES (72, 127) (72, 127) (72, 127)
  • Creating individual objects (Settings, Hydraulic, Oceanic)...
✓ Watershed extracted


[STEP 2] Executing: data()

======================================================================
                    DATA - GEOGRAPHIC INTEGRATION                     
======================================================================

  • Instantiating data modules for EX03...
    • geology...[INFO] Extracting geology data from /home/imene/Bureau/HydromodPyHackathon/HydromodPyGitHub/HydroModPy/examples/03S_short/data
 ✓
    • hydrography...[INFO] Extracting hydrography data from /home/imene/Bureau/HydromodPyHackathon/HydromodPyGitHub/HydroModPy/examples/03S_short/data
 ✓
    • subbasin...[INFO] Extracting subbasin definitions for watershed
 ✓
    • hydrometry...[INFO] Extracting hydrometry data from /home/imene/Bureau/HydromodPyHackathon/HydromodPyGitHub/HydroModPy/examples/03S_short/data
 ✓
    • intermittency...[INFO] Extracting stream intermittency data from /home/imene/Bureau/HydromodPyHackathon/HydromodPyGitHub/HydroModPy/examples/03S_short/data
[INFO] Initializing climatic module parameters
[INFO] MODFLOW grid connectivity check passed
[INFO] Post-processing stress period 1/1
 ✓
Data integration completed


[STEP 3] Executing: recharge()

======================================================================
                       RECHARGE (CLIMATIC DATA)                       
======================================================================
 Creating Climatic object...
Update recharge (REANALYSIS)...
Update runoff (REANALYSIS)...
Recharge and runoff loaded


[STEP 4] Executing: parametrization()

======================================================================
                           PARAMETRIZATION                            
======================================================================
Configuring individual objects...
Settings...
    • Hydraulic...
    • Transport...
    • Climatic...
  • Update hydraulic specific...
✓ Parametrization completed


[STEP 5] Executing: modeling()

======================================================================
                       EXEMPLE EX03 - MODELING                        
======================================================================

  Running MODFLOW for ex03...
    Model 1/10: explorK_test1_0.001
Model: explorK_test1_0.001
Preprocessing MODFLOW...
Processing MODFLOW...
FloPy is using the following executable to run the model: ../../../../../bin/linux/mfnwt

                                  MODFLOW-NWT-SWR1 
    U.S. GEOLOGICAL SURVEY MODULAR FINITE-DIFFERENCE GROUNDWATER-FLOW MODEL
                             WITH NEWTON FORMULATION
                             Version 1.3.0 07/01/2022                        
                    BASED ON MODFLOW-2005 Version 1.12.0 02/03/2017                       

                    SWR1 Version 1.05.0 03/10/2022                       

 Using NAME file: explorK_test1_0.001.nam 
 Run start date and time (yyyy/mm/dd hh:mm:ss): 2026/02/25  9:36:04

 Solving:  Stress period:     1    Time step:     1    Groundwater-Flow Eqn.
 Run end date and time (yyyy/mm/dd hh:mm:ss): 2026/02/25  9:36:05
 Elapsed run time:  0.697 Seconds

  Normal termination of simulation
 Postprocessing MODFLOW...
[INFO] Exporting watertable elevation time series
[INFO] Exporting watertable depth time series
[INFO] Exporting seepage areas time series
[INFO] Exporting outflow drain time series
[INFO] Exporting groundwater flux time series
[INFO] Exporting groundwater storage time series
[INFO] Exporting accumulation flux time series
[INFO] MODFLOW grid connectivity check passed
[INFO] Post-processing stress period 1/1
    Model 2/10: explorK_test1_0.003
Model: explorK_test1_0.003
Preprocessing MODFLOW...
Processing MODFLOW...
FloPy is using the following executable to run the model: ../../../../../bin/linux/mfnwt

                                  MODFLOW-NWT-SWR1 
    U.S. GEOLOGICAL SURVEY MODULAR FINITE-DIFFERENCE GROUNDWATER-FLOW MODEL
                             WITH NEWTON FORMULATION
                             Version 1.3.0 07/01/2022                        
                    BASED ON MODFLOW-2005 Version 1.12.0 02/03/2017                       

                    SWR1 Version 1.05.0 03/10/2022                       

 Using NAME file: explorK_test1_0.003.nam 
 Run start date and time (yyyy/mm/dd hh:mm:ss): 2026/02/25  9:36:06

 Solving:  Stress period:     1    Time step:     1    Groundwater-Flow Eqn.
 Run end date and time (yyyy/mm/dd hh:mm:ss): 2026/02/25  9:36:07
 Elapsed run time:  0.671 Seconds

  Normal termination of simulation
 Postprocessing MODFLOW...
[INFO] Exporting watertable elevation time series
[INFO] Exporting watertable depth time series
[INFO] Exporting seepage areas time series
[INFO] Exporting outflow drain time series
[INFO] Exporting groundwater flux time series
[INFO] Exporting groundwater storage time series
[INFO] Exporting accumulation flux time series
[INFO] MODFLOW grid connectivity check passed
[INFO] Post-processing stress period 1/1
    Model 3/10: explorK_test1_0.011
Model: explorK_test1_0.011
Preprocessing MODFLOW...
Processing MODFLOW...
FloPy is using the following executable to run the model: ../../../../../bin/linux/mfnwt

                                  MODFLOW-NWT-SWR1 
    U.S. GEOLOGICAL SURVEY MODULAR FINITE-DIFFERENCE GROUNDWATER-FLOW MODEL
                             WITH NEWTON FORMULATION
                             Version 1.3.0 07/01/2022                        
                    BASED ON MODFLOW-2005 Version 1.12.0 02/03/2017                       

                    SWR1 Version 1.05.0 03/10/2022                       

 Using NAME file: explorK_test1_0.011.nam 
 Run start date and time (yyyy/mm/dd hh:mm:ss): 2026/02/25  9:36:09

 Solving:  Stress period:     1    Time step:     1    Groundwater-Flow Eqn.
 Run end date and time (yyyy/mm/dd hh:mm:ss): 2026/02/25  9:36:09
 Elapsed run time:  0.637 Seconds

  Normal termination of simulation
 Postprocessing MODFLOW...
[INFO] Exporting watertable elevation time series
[INFO] Exporting watertable depth time series
[INFO] Exporting seepage areas time series
[INFO] Exporting outflow drain time series
[INFO] Exporting groundwater flux time series
[INFO] Exporting groundwater storage time series
[INFO] Exporting accumulation flux time series
[INFO] MODFLOW grid connectivity check passed
[INFO] Post-processing stress period 1/1
    Model 4/10: explorK_test1_0.04
Model: explorK_test1_0.04
Preprocessing MODFLOW...
Processing MODFLOW...
FloPy is using the following executable to run the model: ../../../../../bin/linux/mfnwt

                                  MODFLOW-NWT-SWR1 
    U.S. GEOLOGICAL SURVEY MODULAR FINITE-DIFFERENCE GROUNDWATER-FLOW MODEL
                             WITH NEWTON FORMULATION
                             Version 1.3.0 07/01/2022                        
                    BASED ON MODFLOW-2005 Version 1.12.0 02/03/2017                       

                    SWR1 Version 1.05.0 03/10/2022                       

 Using NAME file: explorK_test1_0.04.nam 
 Run start date and time (yyyy/mm/dd hh:mm:ss): 2026/02/25  9:36:11

 Solving:  Stress period:     1    Time step:     1    Groundwater-Flow Eqn.
 Run end date and time (yyyy/mm/dd hh:mm:ss): 2026/02/25  9:36:12
 Elapsed run time:  0.735 Seconds

  Normal termination of simulation
 Postprocessing MODFLOW...
[INFO] Exporting watertable elevation time series
[INFO] Exporting watertable depth time series
[INFO] Exporting seepage areas time series
[INFO] Exporting outflow drain time series
[INFO] Exporting groundwater flux time series
[INFO] Exporting groundwater storage time series
[INFO] Exporting accumulation flux time series
[INFO] MODFLOW grid connectivity check passed
[INFO] Post-processing stress period 1/1
    Model 5/10: explorK_test1_0.144
Model: explorK_test1_0.144
Preprocessing MODFLOW...
Processing MODFLOW...
FloPy is using the following executable to run the model: ../../../../../bin/linux/mfnwt

                                  MODFLOW-NWT-SWR1 
    U.S. GEOLOGICAL SURVEY MODULAR FINITE-DIFFERENCE GROUNDWATER-FLOW MODEL
                             WITH NEWTON FORMULATION
                             Version 1.3.0 07/01/2022                        
                    BASED ON MODFLOW-2005 Version 1.12.0 02/03/2017                       

                    SWR1 Version 1.05.0 03/10/2022                       

 Using NAME file: explorK_test1_0.144.nam 
 Run start date and time (yyyy/mm/dd hh:mm:ss): 2026/02/25  9:36:13

 Solving:  Stress period:     1    Time step:     1    Groundwater-Flow Eqn.
 Run end date and time (yyyy/mm/dd hh:mm:ss): 2026/02/25  9:36:13
 Elapsed run time:  0.536 Seconds

  Normal termination of simulation
 Postprocessing MODFLOW...
[INFO] Exporting watertable elevation time series
[INFO] Exporting watertable depth time series
[INFO] Exporting seepage areas time series
[INFO] Exporting outflow drain time series
[INFO] Exporting groundwater flux time series
[INFO] Exporting groundwater storage time series
[INFO] Exporting accumulation flux time series
[INFO] MODFLOW grid connectivity check passed
[INFO] Post-processing stress period 1/1
    Model 6/10: explorK_test1_0.518
Model: explorK_test1_0.518
Preprocessing MODFLOW...
Processing MODFLOW...
FloPy is using the following executable to run the model: ../../../../../bin/linux/mfnwt

                                  MODFLOW-NWT-SWR1 
    U.S. GEOLOGICAL SURVEY MODULAR FINITE-DIFFERENCE GROUNDWATER-FLOW MODEL
                             WITH NEWTON FORMULATION
                             Version 1.3.0 07/01/2022                        
                    BASED ON MODFLOW-2005 Version 1.12.0 02/03/2017                       

                    SWR1 Version 1.05.0 03/10/2022                       

 Using NAME file: explorK_test1_0.518.nam 
 Run start date and time (yyyy/mm/dd hh:mm:ss): 2026/02/25  9:36:15

 Solving:  Stress period:     1    Time step:     1    Groundwater-Flow Eqn.
 Run end date and time (yyyy/mm/dd hh:mm:ss): 2026/02/25  9:36:16
 Elapsed run time:  0.522 Seconds

  Normal termination of simulation
 Postprocessing MODFLOW...
[INFO] Exporting watertable elevation time series
[INFO] Exporting watertable depth time series
[INFO] Exporting seepage areas time series
[INFO] Exporting outflow drain time series
[INFO] Exporting groundwater flux time series
[INFO] Exporting groundwater storage time series
[INFO] Exporting accumulation flux time series
[INFO] MODFLOW grid connectivity check passed
[INFO] Post-processing stress period 1/1
    Model 7/10: explorK_test1_1.861
Model: explorK_test1_1.861
Preprocessing MODFLOW...
Processing MODFLOW...
FloPy is using the following executable to run the model: ../../../../../bin/linux/mfnwt

                                  MODFLOW-NWT-SWR1 
    U.S. GEOLOGICAL SURVEY MODULAR FINITE-DIFFERENCE GROUNDWATER-FLOW MODEL
                             WITH NEWTON FORMULATION
                             Version 1.3.0 07/01/2022                        
                    BASED ON MODFLOW-2005 Version 1.12.0 02/03/2017                       

                    SWR1 Version 1.05.0 03/10/2022                       

 Using NAME file: explorK_test1_1.861.nam 
 Run start date and time (yyyy/mm/dd hh:mm:ss): 2026/02/25  9:36:17

 Solving:  Stress period:     1    Time step:     1    Groundwater-Flow Eqn.
 Run end date and time (yyyy/mm/dd hh:mm:ss): 2026/02/25  9:36:18
 Elapsed run time:  0.603 Seconds

  Normal termination of simulation
 Postprocessing MODFLOW...
[INFO] Exporting watertable elevation time series
[INFO] Exporting watertable depth time series
[INFO] Exporting seepage areas time series
[INFO] Exporting outflow drain time series
[INFO] Exporting groundwater flux time series
[INFO] Exporting groundwater storage time series
[INFO] Exporting accumulation flux time series
[INFO] MODFLOW grid connectivity check passed
[INFO] Post-processing stress period 1/1
    Model 8/10: explorK_test1_6.69
Model: explorK_test1_6.69
Preprocessing MODFLOW...
Processing MODFLOW...
FloPy is using the following executable to run the model: ../../../../../bin/linux/mfnwt

                                  MODFLOW-NWT-SWR1 
    U.S. GEOLOGICAL SURVEY MODULAR FINITE-DIFFERENCE GROUNDWATER-FLOW MODEL
                             WITH NEWTON FORMULATION
                             Version 1.3.0 07/01/2022                        
                    BASED ON MODFLOW-2005 Version 1.12.0 02/03/2017                       

                    SWR1 Version 1.05.0 03/10/2022                       

 Using NAME file: explorK_test1_6.69.nam 
 Run start date and time (yyyy/mm/dd hh:mm:ss): 2026/02/25  9:36:19

 Solving:  Stress period:     1    Time step:     1    Groundwater-Flow Eqn.
 Run end date and time (yyyy/mm/dd hh:mm:ss): 2026/02/25  9:36:20
 Elapsed run time:  0.578 Seconds

  Normal termination of simulation
 Postprocessing MODFLOW...
[INFO] Exporting watertable elevation time series
[INFO] Exporting watertable depth time series
[INFO] Exporting seepage areas time series
[INFO] Exporting outflow drain time series
[INFO] Exporting groundwater flux time series
[INFO] Exporting groundwater storage time series
[INFO] Exporting accumulation flux time series
[INFO] MODFLOW grid connectivity check passed
[INFO] Post-processing stress period 1/1
    Model 9/10: explorK_test1_24.041
Model: explorK_test1_24.041
Preprocessing MODFLOW...
Processing MODFLOW...
FloPy is using the following executable to run the model: ../../../../../bin/linux/mfnwt

                                  MODFLOW-NWT-SWR1 
    U.S. GEOLOGICAL SURVEY MODULAR FINITE-DIFFERENCE GROUNDWATER-FLOW MODEL
                             WITH NEWTON FORMULATION
                             Version 1.3.0 07/01/2022                        
                    BASED ON MODFLOW-2005 Version 1.12.0 02/03/2017                       

                    SWR1 Version 1.05.0 03/10/2022                       

 Using NAME file: explorK_test1_24.041.nam 
 Run start date and time (yyyy/mm/dd hh:mm:ss): 2026/02/25  9:36:21

 Solving:  Stress period:     1    Time step:     1    Groundwater-Flow Eqn.
 Run end date and time (yyyy/mm/dd hh:mm:ss): 2026/02/25  9:36:22
 Elapsed run time:  0.527 Seconds

  Normal termination of simulation
 Postprocessing MODFLOW...
[INFO] Exporting watertable elevation time series
[INFO] Exporting watertable depth time series
[INFO] Exporting seepage areas time series
[INFO] Exporting outflow drain time series
[INFO] Exporting groundwater flux time series
[INFO] Exporting groundwater storage time series
[INFO] Exporting accumulation flux time series
[INFO] MODFLOW grid connectivity check passed
[INFO] Post-processing stress period 1/1
    Model 10/10: explorK_test1_86.4
Model: explorK_test1_86.4
Preprocessing MODFLOW...
Processing MODFLOW...
FloPy is using the following executable to run the model: ../../../../../bin/linux/mfnwt

                                  MODFLOW-NWT-SWR1 
    U.S. GEOLOGICAL SURVEY MODULAR FINITE-DIFFERENCE GROUNDWATER-FLOW MODEL
                             WITH NEWTON FORMULATION
                             Version 1.3.0 07/01/2022                        
                    BASED ON MODFLOW-2005 Version 1.12.0 02/03/2017                       

                    SWR1 Version 1.05.0 03/10/2022                       

 Using NAME file: explorK_test1_86.4.nam 
 Run start date and time (yyyy/mm/dd hh:mm:ss): 2026/02/25  9:36:23

 Solving:  Stress period:     1    Time step:     1    Groundwater-Flow Eqn.
 Run end date and time (yyyy/mm/dd hh:mm:ss): 2026/02/25  9:36:24
 Elapsed run time:  0.571 Seconds

  Normal termination of simulation
 Postprocessing MODFLOW...
[INFO] Exporting watertable elevation time series
[INFO] Exporting watertable depth time series
[INFO] Exporting seepage areas time series
[INFO] Exporting outflow drain time series
[INFO] Exporting groundwater flux time series
[INFO] Exporting groundwater storage time series
[INFO] Exporting accumulation flux time series
Modeling completed


[STEP 6] Executing: modpath_ex12()

  • Executing MODPATH for Example 12...
  MODPATH: Particle tracking
  [DEBUG modpath] model_name=explorK_test1_0.001
  [DEBUG modpath] for_calib=False
  [DEBUG modpath] Looking for rasters in: /home/imene/Bureau/HydromodPyHackathon/HydromodPyGitHub/HydroModPy/examples/results/Example_03_Canut/results_simulations/explorK_test1_0.001/_postprocess/_rasters
  [DEBUG modpath] Files found (8): ['accumulation_flux_t(0).tif', 'seepage_areas_t(0).tif', 'seepage_areas_t(0)_clip.tif', 'groundwater_flux_t(0).tif', 'watertable_elevation_t(0).tif', 'outflow_drain_t(0).tif', 'watertable_depth_t(0).tif', 'groundwater_storage_t(0).tif']
/home/imene/miniconda3/lib/python3.13/site-packages/flopy/utils/modpathfile.py:776: UserWarning: write_shapefile is Deprecated, please use to_geodataframe() in the future
  warnings.warn(
/home/imene/miniconda3/lib/python3.13/site-packages/flopy/utils/modpathfile.py:788: UserWarning: Column names longer than 10 characters will be truncated when saved to ESRI Shapefile.
  gdf.to_file(shpname)
/home/imene/miniconda3/lib/python3.13/site-packages/flopy/utils/modpathfile.py:776: UserWarning: write_shapefile is Deprecated, please use to_geodataframe() in the future
  warnings.warn(
/home/imene/miniconda3/lib/python3.13/site-packages/flopy/utils/modpathfile.py:788: UserWarning: Column names longer than 10 characters will be truncated when saved to ESRI Shapefile.
  gdf.to_file(shpname)
/home/imene/miniconda3/lib/python3.13/site-packages/flopy/utils/particletrackfile.py:353: DeprecationWarning: write_shapefile will be Deprecated, please use to_geo_dataframe()
  warnings.warn(
/home/imene/miniconda3/lib/python3.13/site-packages/flopy/utils/particletrackfile.py:369: UserWarning: Column names longer than 10 characters will be truncated when saved to ESRI Shapefile.
  gdf.to_file(shpname)
/home/imene/miniconda3/lib/python3.13/site-packages/flopy/utils/particletrackfile.py:353: DeprecationWarning: write_shapefile will be Deprecated, please use to_geo_dataframe()
  warnings.warn(
/home/imene/miniconda3/lib/python3.13/site-packages/flopy/utils/particletrackfile.py:369: UserWarning: Column names longer than 10 characters will be truncated when saved to ESRI Shapefile.
  gdf.to_file(shpname)
Traceback (most recent call last):
  File "/home/imene/Bureau/HydromodPyHackathon/HydromodPyGitHub/HydroModPy/examples/Examples_Launchers/plot_ex03.py", line 48, in plot_cross_section_ex03
    stable_folder = os.path.join(out_path, watershed_name, 'results_stable')
  File "<frozen posixpath>", line 76, in join
TypeError: expected str, bytes or os.PathLike object, not NoneType
Traceback (most recent call last):
  File "/home/imene/Bureau/HydromodPyHackathon/HydromodPyGitHub/HydroModPy/examples/Examples_Launchers/plot_ex03.py", line 152, in plot_map_ex03
    stable_folder = os.path.join(out_path, watershed_name, 'results_stable')
  File "<frozen posixpath>", line 76, in join
TypeError: expected str, bytes or os.PathLike object, not NoneType
Traceback (most recent call last):
  File "/home/imene/Bureau/HydromodPyHackathon/HydromodPyGitHub/HydroModPy/examples/Examples_Launchers/plot_ex03.py", line 229, in plot_graph_ex03
    simulations_folder = os.path.join(out_path, watershed_name, 'results_simulations')
  File "<frozen posixpath>", line 76, in join
TypeError: expected str, bytes or os.PathLike object, not NoneType
[INFO] Exported catchment time series to /home/imene/Bureau/HydromodPyHackathon/HydromodPyGitHub/HydroModPy/examples/results/Example_03_Canut/results_simulations/explorK_test1_0.001/_postprocess/_timeseries
    Seepage file found: seepage_areas_t(0).tif
    Clipped to watershed: seepage_areas_t(0)_clip.tif
    Zone particles config: seepage_areas → seepage_areas_t(0)_clip.tif
Preprocessing MODPATH...
Processing MODPATH...
writing loc particle data
FloPy is using the following executable to run the model: ../../../../../bin/linux/mp6
Processing basic data ...
Checking head file ...
Checking budget file and building index ...
 
Run particle tracking simulation ...
Processing Time Step     1 Period     1.  Time =  1.00000E+00                                                                       
Particle tracking complete. Writing endpoint file ...                                                                               
End of MODPATH simulation. Normal termination.
 Postprocessing MODPATH...
(numpy.record, [('particleid', '<i4'), ('particlegroup', '<i4'), ('timepointindex', '<i4'), ('cumulativetimestep', '<i4'), ('time', '<f4'), ('x', '<f4'), ('y', '<f4'), ('z', '<f4'), ('k', '<i4'), ('i', '<i4'), ('j', '<i4'), ('grid', '<i4'), ('xloc', '<f4'), ('yloc', '<f4'), ('zloc', '<f4'), ('linesegmentindex', '<i4')])
(numpy.record, [('particleid', '<i4'), ('particlegroup', '<i4'), ('timepointindex', '<i4'), ('cumulativetimestep', '<i4'), ('time', '<f4'), ('x', '<f4'), ('y', '<f4'), ('z', '<f4'), ('k', '<i4'), ('i', '<i4'), ('j', '<i4'), ('grid', '<i4'), ('xloc', '<f4'), ('yloc', '<f4'), ('zloc', '<f4'), ('linesegmentindex', '<i4')])
MODPATH post_processing completed
Filtering MODPATH results...
MODPATH filt_processing completed
MODPATH completed successfully
  ✓ MODPATH completed


[STEP 7] Executing: plot_cross_section_ex03()
  • Plotting cross-sections (0.001 per loop)...
    ✗ Cross-section plot error: expected str, bytes or os.PathLike object, not NoneType

[STEP 8] Executing: plot_map_ex03()
  • Plotting maps (0.001 per loop)...
    ✗ Map plot error: expected str, bytes or os.PathLike object, not NoneType

[STEP 9] Executing: plot_graph_ex03()
  • Plotting graph (K vs drainage density)...
    ✗ Graph plot error: expected str, bytes or os.PathLike object, not NoneType

[STEP 10] Executing: ex12_postprocessing_timeseries_modflow()

  • Generating timeseries results (MODFLOW only)...
  Timeseries: Generating results
Timeseries completed
  ✓ Timeseries (MODFLOW only) completed successfully


[DEBUG] results=True, sections.get('plot')=None, any(plots_config)=True
[DEBUG] success_modflow=True

======================================================================
                         EXECUTION COMPLETED                          
======================================================================

  Final results keys: ['R_mm_day', 'calibration_folder', 'climatic', 'data_path', 'example_key', 'geographic', 'geology', 'hydraulic', 'hydrography', 'hydrometry', 'iD_set_simulations', 'initializing', 'intermittency', 'list_model_modflow', 'list_model_name', 'list_success_modflow', 'model_modflow', 'model_modpath', 'model_name', 'oceanic', 'results_path', 'runoff', 'settings', 'simulations_folder', 'stable_folder', 'subbasin', 'success_modflow', 'success_modpath', 'success_mt3dms', 'success_timeseries_modflow', 'timeseries_results_modflow', 'transport']

  Execution summary:
MODFLOW: explorK_test1_0.001
MODPATH: Success
MT3DMS: Skipped/Failed

