[2026-04-17 00:49:59] 
[2026-04-17 00:49:59] ================================================================
[2026-04-17 00:49:59]   AUDIT COMPLET HYDROMODPY
[2026-04-17 00:49:59]   Debut   : 2026-04-17 00:49:59
[2026-04-17 00:49:59]   Output  : /home/bb/Documents/01_Git_Repository/02-HydroModPy-dev/audit_code
[2026-04-17 00:49:59]   Phases  : 11
[2026-04-17 00:49:59] ================================================================
[2026-04-17 00:49:59] START 01_architecture_globale (tentative 1/12)
[2026-04-17 00:59:00] DONE  01_architecture_globale (793 lignes, 541s) -> /home/bb/Documents/01_Git_Repository/02-HydroModPy-dev/audit_code/01_architecture_globale.md
[2026-04-17 00:59:00] START 02_core_config (tentative 1/12)
[2026-04-17 01:06:18] DONE  02_core_config (421 lignes, 438s) -> /home/bb/Documents/01_Git_Repository/02-HydroModPy-dev/audit_code/02_core_config.md
[2026-04-17 01:06:18] START 03_data_layer (tentative 1/12)
[2026-04-17 01:15:27] DONE  03_data_layer (834 lignes, 549s) -> /home/bb/Documents/01_Git_Repository/02-HydroModPy-dev/audit_code/03_data_layer.md
[2026-04-17 01:15:27] START 04_spatial_mesh (tentative 1/12)
[2026-04-17 01:22:12] DONE  04_spatial_mesh (483 lignes, 405s) -> /home/bb/Documents/01_Git_Repository/02-HydroModPy-dev/audit_code/04_spatial_mesh.md
[2026-04-17 01:22:12] START 05_process_solver (tentative 1/12)
[2026-04-17 01:32:34] DONE  05_process_solver (727 lignes, 622s) -> /home/bb/Documents/01_Git_Repository/02-HydroModPy-dev/audit_code/05_process_solver.md
[2026-04-17 01:32:34] START 06_simulation_engine (tentative 1/12)
[2026-04-17 01:40:30] DONE  06_simulation_engine (849 lignes, 476s) -> /home/bb/Documents/01_Git_Repository/02-HydroModPy-dev/audit_code/06_simulation_engine.md
[2026-04-17 01:40:30] START 07_results_storage (tentative 1/12)
[2026-04-17 01:47:28] DONE  07_results_storage (697 lignes, 418s) -> /home/bb/Documents/01_Git_Repository/02-HydroModPy-dev/audit_code/07_results_storage.md
[2026-04-17 01:47:28] START 08_analysis_display (tentative 1/12)
[2026-04-17 01:55:17] DONE  08_analysis_display (523 lignes, 469s) -> /home/bb/Documents/01_Git_Repository/02-HydroModPy-dev/audit_code/08_analysis_display.md
[2026-04-17 01:55:17] START 09_tests_audit (tentative 1/12)
[2026-04-17 02:05:44] DONE  09_tests_audit (614 lignes, 627s) -> /home/bb/Documents/01_Git_Repository/02-HydroModPy-dev/audit_code/09_tests_audit.md
[2026-04-17 02:05:44] START 10_pydantic_models (tentative 1/12)
[2026-04-17 02:17:05] DONE  10_pydantic_models (677 lignes, 681s) -> /home/bb/Documents/01_Git_Repository/02-HydroModPy-dev/audit_code/10_pydantic_models.md
[2026-04-17 02:17:05] START 11_synthese_finale (tentative 1/12)
[2026-04-17 02:34:16] DONE  11_synthese_finale (441 lignes, 1031s) -> /home/bb/Documents/01_Git_Repository/02-HydroModPy-dev/audit_code/11_synthese_finale.md
[2026-04-17 02:34:16] 
[2026-04-17 02:34:16] ================================================================
[2026-04-17 02:34:16]   AUDIT TERMINE
[2026-04-17 02:34:16]   Fin     : 2026-04-17 02:34:16
[2026-04-17 02:34:16]   Phases  : 11/11 completees
[2026-04-17 02:34:16]   Fichiers:
-rw-r--r--. 1 bb bb 42K Apr 17 00:58 /home/bb/Documents/01_Git_Repository/02-HydroModPy-dev/audit_code/01_architecture_globale.md
-rw-r--r--. 1 bb bb 35K Apr 17 01:06 /home/bb/Documents/01_Git_Repository/02-HydroModPy-dev/audit_code/02_core_config.md
-rw-r--r--. 1 bb bb 53K Apr 17 01:15 /home/bb/Documents/01_Git_Repository/02-HydroModPy-dev/audit_code/03_data_layer.md
-rw-r--r--. 1 bb bb 31K Apr 17 01:22 /home/bb/Documents/01_Git_Repository/02-HydroModPy-dev/audit_code/04_spatial_mesh.md
-rw-r--r--. 1 bb bb 44K Apr 17 01:32 /home/bb/Documents/01_Git_Repository/02-HydroModPy-dev/audit_code/05_process_solver.md
-rw-r--r--. 1 bb bb 50K Apr 17 01:40 /home/bb/Documents/01_Git_Repository/02-HydroModPy-dev/audit_code/06_simulation_engine.md
-rw-r--r--. 1 bb bb 51K Apr 17 01:47 /home/bb/Documents/01_Git_Repository/02-HydroModPy-dev/audit_code/07_results_storage.md
-rw-r--r--. 1 bb bb 40K Apr 17 01:54 /home/bb/Documents/01_Git_Repository/02-HydroModPy-dev/audit_code/08_analysis_display.md
-rw-r--r--. 1 bb bb 42K Apr 17 02:05 /home/bb/Documents/01_Git_Repository/02-HydroModPy-dev/audit_code/09_tests_audit.md
-rw-r--r--. 1 bb bb 57K Apr 17 02:16 /home/bb/Documents/01_Git_Repository/02-HydroModPy-dev/audit_code/10_pydantic_models.md
-rw-r--r--. 1 bb bb 41K Apr 17 02:34 /home/bb/Documents/01_Git_Repository/02-HydroModPy-dev/audit_code/11_synthese_finale.md
[2026-04-17 02:34:16] ================================================================
[2026-04-17 15:58:34] 
[2026-04-17 15:58:34] ================================================================
[2026-04-17 15:58:34]   AUDIT COMPLET HYDROMODPY
[2026-04-17 15:58:34]   Debut   : 2026-04-17 15:58:34
[2026-04-17 15:58:40] 
[2026-04-17 15:58:40] ================================================================
[2026-04-17 15:58:40]   AUDIT COMPLET HYDROMODPY
[2026-04-17 15:58:40]   Debut   : 2026-04-17 15:58:40
[2026-04-17 15:58:40]   Output  : /home/bb/Documents/01_Git_Repository/02-HydroModPy-dev/audit_code
[2026-04-17 15:58:40]   Phases  : 11
[2026-04-17 15:58:40] ================================================================
[2026-04-17 15:58:40] START 01_architecture_globale (tentative 1/12)
[2026-04-17 15:59:05] 
[2026-04-17 15:59:05] ================================================================
[2026-04-17 15:59:05]   AUDIT COMPLET HYDROMODPY
[2026-04-17 15:59:05]   Debut   : 2026-04-17 15:59:05
[2026-04-17 15:59:05]   Output  : /home/bb/Documents/01_Git_Repository/02-HydroModPy-dev/audit_code
[2026-04-17 15:59:05]   Phases  : 11
[2026-04-17 15:59:05] ================================================================
[2026-04-17 15:59:05] START 01_architecture_globale (tentative 1/12)
[2026-04-17 16:00:53] 
[2026-04-17 16:00:53] ================================================================
[2026-04-17 16:00:53]   AUDIT COMPLET HYDROMODPY
[2026-04-17 16:00:53]   Debut   : 2026-04-17 16:00:53
[2026-04-17 16:00:53]   Output  : /home/bb/Documents/01_Git_Repository/02-HydroModPy-dev/audit_code
[2026-04-17 16:00:53]   Phases  : 11
[2026-04-17 16:00:53] ================================================================
[2026-04-17 16:00:53] START 01_architecture_globale (tentative 1/12)
[2026-04-17 16:04:31] FAIL  01_architecture_globale (rc=143, 326s): exit code 143
[2026-04-17 16:04:31] WAIT  2min avant retry (backoff x1)...
[2026-04-17 16:04:31]       Resume prevue: 16:06:31
[2026-04-17 16:04:31] FAIL  01_architecture_globale (rc=143, 218s): exit code 143
[2026-04-17 16:04:31] WAIT  2min avant retry (backoff x1)...
[2026-04-17 16:04:31] FAIL  01_architecture_globale (rc=143, 351s): exit code 143
[2026-04-17 16:04:31] WAIT  2min avant retry (backoff x1)...
[2026-04-17 16:04:31]       Resume prevue: 16:06:31
[2026-04-17 16:04:31]       Resume prevue: 16:06:31
[2026-04-17 16:04:40] 
[2026-04-17 16:04:40] ================================================================
[2026-04-17 16:04:40]   AUDIT COMPLET HYDROMODPY
[2026-04-17 16:04:40]   Debut   : 2026-04-17 16:04:40
[2026-04-17 16:04:40]   Output  : /home/bb/Documents/01_Git_Repository/02-HydroModPy-dev/audit_code
[2026-04-17 16:04:40]   Phases  : 11
[2026-04-17 16:04:40] ================================================================
[2026-04-17 16:04:40] START 01_architecture_globale (tentative 1/12)
[2026-04-17 16:04:49] FAIL  01_architecture_globale (rc=0, 9s): exit code 0
[2026-04-17 16:04:49] WAIT  2min avant retry (backoff x1)...
[2026-04-17 16:04:49]       Resume prevue: 16:06:49
[2026-04-17 16:06:31] START 01_architecture_globale (tentative 2/12)
[2026-04-17 16:06:31] START 01_architecture_globale (tentative 2/12)
[2026-04-17 16:06:31] START 01_architecture_globale (tentative 2/12)
[2026-04-17 16:06:40] FAIL  01_architecture_globale (rc=143, 9s): exit code 143
[2026-04-17 16:06:40] WAIT  4min avant retry (backoff x2)...
[2026-04-17 16:06:40]       Resume prevue: 16:10:40
[2026-04-17 16:06:40] FAIL  01_architecture_globale (rc=143, 9s): exit code 143
[2026-04-17 16:06:40] WAIT  4min avant retry (backoff x2)...
[2026-04-17 16:06:40]       Resume prevue: 16:10:40
[2026-04-17 16:06:40] FAIL  01_architecture_globale (rc=143, 9s): exit code 143
[2026-04-17 16:06:40] WAIT  4min avant retry (backoff x2)...
[2026-04-17 16:06:40]       Resume prevue: 16:10:40
[2026-04-17 16:09:39] 
[2026-04-17 16:09:39] ================================================================
[2026-04-17 16:09:39]   AUDIT COMPLET HYDROMODPY
[2026-04-17 16:09:39]   Debut   : 2026-04-17 16:09:39
[2026-04-17 16:09:39]   Output  : /home/bb/Documents/01_Git_Repository/02-HydroModPy-dev/audit_code
[2026-04-17 16:09:39]   Phases  : 11
[2026-04-17 16:09:39] ================================================================
[2026-04-17 16:09:39] START 01_architecture_globale (tentative 1/12)
[2026-04-17 16:18:34] DONE  01_architecture_globale (506 lignes, 535s) -> /home/bb/Documents/01_Git_Repository/02-HydroModPy-dev/audit_code/01_architecture_globale.md
[2026-04-17 16:18:34] START 02_core_config (tentative 1/12)
[2026-04-17 16:26:44] DONE  02_core_config (884 lignes, 490s) -> /home/bb/Documents/01_Git_Repository/02-HydroModPy-dev/audit_code/02_core_config.md
[2026-04-17 16:26:44] START 03_data_layer (tentative 1/12)
[2026-04-17 16:37:03] DONE  03_data_layer (590 lignes, 619s) -> /home/bb/Documents/01_Git_Repository/02-HydroModPy-dev/audit_code/03_data_layer.md
[2026-04-17 16:37:03] START 04_spatial_mesh (tentative 1/12)
[2026-04-17 16:39:30] FAIL  04_spatial_mesh (rc=1, 147s): exit code 1
[2026-04-17 16:39:30] WAIT  2min avant retry (backoff x1)...
[2026-04-17 16:39:30]       Resume prevue: 16:41:30
[2026-04-17 16:41:30] START 04_spatial_mesh (tentative 2/12)
[2026-04-17 16:41:31] FAIL  04_spatial_mesh (rc=1, 1s): exit code 1
[2026-04-17 16:41:31] WAIT  4min avant retry (backoff x2)...
[2026-04-17 16:41:31]       Resume prevue: 16:45:31
[2026-04-17 16:45:31] START 04_spatial_mesh (tentative 3/12)
[2026-04-17 16:45:33] FAIL  04_spatial_mesh (rc=1, 2s): exit code 1
[2026-04-17 16:45:33] WAIT  8min avant retry (backoff x4)...
[2026-04-17 16:45:33]       Resume prevue: 16:53:33
[2026-04-17 16:53:33] START 04_spatial_mesh (tentative 4/12)
[2026-04-17 16:53:35] FAIL  04_spatial_mesh (rc=1, 2s): exit code 1
[2026-04-17 16:53:35] WAIT  16min avant retry (backoff x8)...
[2026-04-17 16:53:35]       Resume prevue: 17:09:35
[2026-04-17 17:09:35] START 04_spatial_mesh (tentative 5/12)
[2026-04-17 17:09:37] FAIL  04_spatial_mesh (rc=1, 2s): exit code 1
[2026-04-17 17:09:37] WAIT  16min avant retry (backoff x8)...
[2026-04-17 17:09:37]       Resume prevue: 17:25:37
[2026-04-17 17:25:37] START 04_spatial_mesh (tentative 6/12)
[2026-04-17 17:25:38] FAIL  04_spatial_mesh (rc=1, 1s): exit code 1
[2026-04-17 17:25:38] WAIT  16min avant retry (backoff x8)...
[2026-04-17 17:25:38]       Resume prevue: 17:41:38
[2026-04-17 17:41:38] START 04_spatial_mesh (tentative 7/12)
[2026-04-17 17:41:40] FAIL  04_spatial_mesh (rc=1, 2s): exit code 1
[2026-04-17 17:41:40] WAIT  16min avant retry (backoff x8)...
[2026-04-17 17:41:40]       Resume prevue: 17:57:40
[2026-04-17 17:57:40] START 04_spatial_mesh (tentative 8/12)
[2026-04-17 17:57:44] FAIL  04_spatial_mesh (rc=1, 4s): exit code 1
[2026-04-17 17:57:44] WAIT  16min avant retry (backoff x8)...
[2026-04-17 17:57:44]       Resume prevue: 18:13:44
[2026-04-17 18:13:44] START 04_spatial_mesh (tentative 9/12)
[2026-04-17 18:13:46] FAIL  04_spatial_mesh (rc=1, 2s): exit code 1
[2026-04-17 18:13:46] WAIT  16min avant retry (backoff x8)...
[2026-04-17 18:13:46]       Resume prevue: 18:29:46
[2026-04-17 18:29:46] START 04_spatial_mesh (tentative 10/12)
[2026-04-17 18:29:48] FAIL  04_spatial_mesh (rc=1, 2s): exit code 1
[2026-04-17 18:29:48] WAIT  16min avant retry (backoff x8)...
[2026-04-17 18:29:48]       Resume prevue: 18:45:48
[2026-04-17 18:45:48] START 04_spatial_mesh (tentative 11/12)
[2026-04-17 18:45:49] FAIL  04_spatial_mesh (rc=1, 1s): exit code 1
[2026-04-17 18:45:49] WAIT  16min avant retry (backoff x8)...
[2026-04-17 18:45:49]       Resume prevue: 19:01:49
[2026-04-17 19:01:49] START 04_spatial_mesh (tentative 12/12)
[2026-04-17 19:09:56] DONE  04_spatial_mesh (474 lignes, 487s) -> /home/bb/Documents/01_Git_Repository/02-HydroModPy-dev/audit_code/04_spatial_mesh.md
[2026-04-17 19:09:56] START 05_process_solver (tentative 1/12)
[2026-04-17 19:24:04] DONE  05_process_solver (659 lignes, 848s) -> /home/bb/Documents/01_Git_Repository/02-HydroModPy-dev/audit_code/05_process_solver.md
[2026-04-17 19:24:04] START 06_simulation_engine (tentative 1/12)
[2026-04-17 19:32:27] DONE  06_simulation_engine (998 lignes, 503s) -> /home/bb/Documents/01_Git_Repository/02-HydroModPy-dev/audit_code/06_simulation_engine.md
[2026-04-17 19:32:27] START 07_results_storage (tentative 1/12)
[2026-04-17 19:40:45] DONE  07_results_storage (1084 lignes, 498s) -> /home/bb/Documents/01_Git_Repository/02-HydroModPy-dev/audit_code/07_results_storage.md
[2026-04-17 19:40:45] START 08_analysis_display (tentative 1/12)
[2026-04-17 19:51:05] DONE  08_analysis_display (548 lignes, 620s) -> /home/bb/Documents/01_Git_Repository/02-HydroModPy-dev/audit_code/08_analysis_display.md
[2026-04-17 19:51:05] START 09_tests_audit (tentative 1/12)
[2026-04-17 20:05:34] DONE  09_tests_audit (549 lignes, 869s) -> /home/bb/Documents/01_Git_Repository/02-HydroModPy-dev/audit_code/09_tests_audit.md
[2026-04-17 20:05:34] START 10_pydantic_models (tentative 1/12)
[2026-04-17 20:05:48] FAIL  10_pydantic_models (rc=1, 14s): exit code 1
[2026-04-17 20:05:48] WAIT  2min avant retry (backoff x1)...
[2026-04-17 20:05:48]       Resume prevue: 20:07:48
[2026-04-17 20:07:48] START 10_pydantic_models (tentative 2/12)
[2026-04-17 20:07:49] FAIL  10_pydantic_models (rc=1, 1s): exit code 1
[2026-04-17 20:07:49] WAIT  4min avant retry (backoff x2)...
[2026-04-17 20:07:49]       Resume prevue: 20:11:49
[2026-04-17 20:11:49] START 10_pydantic_models (tentative 3/12)
[2026-04-17 20:11:51] FAIL  10_pydantic_models (rc=1, 2s): exit code 1
[2026-04-17 20:11:51] WAIT  8min avant retry (backoff x4)...
[2026-04-17 20:11:51]       Resume prevue: 20:19:51
[2026-04-17 20:19:51] START 10_pydantic_models (tentative 4/12)
[2026-04-17 20:19:52] FAIL  10_pydantic_models (rc=1, 1s): exit code 1
[2026-04-17 20:19:52] WAIT  16min avant retry (backoff x8)...
[2026-04-17 20:19:52]       Resume prevue: 20:35:52
[2026-04-17 20:35:52] START 10_pydantic_models (tentative 5/12)
[2026-04-17 20:35:54] FAIL  10_pydantic_models (rc=1, 2s): exit code 1
[2026-04-17 20:35:54] WAIT  16min avant retry (backoff x8)...
[2026-04-17 20:35:54]       Resume prevue: 20:51:54
[2026-04-17 20:51:54] START 10_pydantic_models (tentative 6/12)
[2026-04-17 20:51:56] FAIL  10_pydantic_models (rc=1, 2s): exit code 1
[2026-04-17 20:51:56] WAIT  16min avant retry (backoff x8)...
[2026-04-17 20:51:56]       Resume prevue: 21:07:56
[2026-04-17 21:07:56] START 10_pydantic_models (tentative 7/12)
[2026-04-17 21:07:58] FAIL  10_pydantic_models (rc=1, 2s): exit code 1
[2026-04-17 21:07:58] WAIT  16min avant retry (backoff x8)...
[2026-04-17 21:07:58]       Resume prevue: 21:23:58
[2026-04-17 21:23:58] START 10_pydantic_models (tentative 8/12)
[2026-04-17 21:24:00] FAIL  10_pydantic_models (rc=1, 2s): exit code 1
[2026-04-17 21:24:00] WAIT  16min avant retry (backoff x8)...
[2026-04-17 21:24:00]       Resume prevue: 21:40:00
[2026-04-17 21:40:00] START 10_pydantic_models (tentative 9/12)
[2026-04-17 21:40:02] FAIL  10_pydantic_models (rc=1, 2s): exit code 1
[2026-04-17 21:40:02] WAIT  16min avant retry (backoff x8)...
[2026-04-17 21:40:02]       Resume prevue: 21:56:02
[2026-04-17 21:56:02] START 10_pydantic_models (tentative 10/12)
[2026-04-17 21:56:04] FAIL  10_pydantic_models (rc=1, 2s): exit code 1
[2026-04-17 21:56:04] WAIT  16min avant retry (backoff x8)...
[2026-04-17 21:56:04]       Resume prevue: 22:12:04
[2026-04-17 22:12:04] START 10_pydantic_models (tentative 11/12)
[2026-04-17 22:12:05] FAIL  10_pydantic_models (rc=1, 1s): exit code 1
[2026-04-17 22:12:05] WAIT  16min avant retry (backoff x8)...
[2026-04-17 22:12:05]       Resume prevue: 22:28:05
[2026-04-17 22:28:05] START 10_pydantic_models (tentative 12/12)
[2026-04-17 22:28:07] FAIL  10_pydantic_models (rc=1, 2s): exit code 1
[2026-04-17 22:28:07] WAIT  16min avant retry (backoff x8)...
[2026-04-17 22:28:07]       Resume prevue: 22:44:07
[2026-04-17 22:44:07] ABANDON 10_pydantic_models apres 12 tentatives
[2026-04-18 02:39:58] 
[2026-04-18 02:39:58] ================================================================
[2026-04-18 02:39:58]   AUDIT COMPLET HYDROMODPY
[2026-04-18 02:39:58]   Debut   : 2026-04-18 02:39:58
[2026-04-18 02:39:58]   Output  : /home/bb/Documents/01_Git_Repository/02-HydroModPy-dev/audit_code
[2026-04-18 02:39:58]   Phases  : 11
[2026-04-18 02:39:58] ================================================================
[2026-04-18 02:39:58] SKIP  01_architecture_globale (deja complete: 506 lignes)
[2026-04-18 02:39:58] SKIP  02_core_config (deja complete: 884 lignes)
[2026-04-18 02:39:58] SKIP  03_data_layer (deja complete: 590 lignes)
[2026-04-18 02:39:58] SKIP  04_spatial_mesh (deja complete: 474 lignes)
[2026-04-18 02:39:58] SKIP  05_process_solver (deja complete: 659 lignes)
[2026-04-18 02:39:58] SKIP  06_simulation_engine (deja complete: 998 lignes)
[2026-04-18 02:39:58] SKIP  07_results_storage (deja complete: 1084 lignes)
[2026-04-18 02:39:58] SKIP  08_analysis_display (deja complete: 548 lignes)
[2026-04-18 02:39:58] SKIP  09_tests_audit (deja complete: 549 lignes)
[2026-04-18 02:39:58] START 10_pydantic_models (tentative 1/12)
[2026-04-18 02:50:25] DONE  10_pydantic_models (923 lignes, 627s) -> /home/bb/Documents/01_Git_Repository/02-HydroModPy-dev/audit_code/10_pydantic_models.md
[2026-04-18 02:50:25] START 11_synthese_finale (tentative 1/12)
[2026-04-18 02:59:07] DONE  11_synthese_finale (539 lignes, 522s) -> /home/bb/Documents/01_Git_Repository/02-HydroModPy-dev/audit_code/11_synthese_finale.md
[2026-04-18 02:59:07] 
[2026-04-18 02:59:07] ================================================================
[2026-04-18 02:59:07]   AUDIT TERMINE
[2026-04-18 02:59:07]   Fin     : 2026-04-18 02:59:07
[2026-04-18 02:59:07]   Phases  : 11/11 completees
[2026-04-18 02:59:07]   Fichiers:
-rw-r--r--. 1 bb bb 43K Apr 17 16:18 /home/bb/Documents/01_Git_Repository/02-HydroModPy-dev/audit_code/01_architecture_globale.md
-rw-r--r--. 1 bb bb 45K Apr 17 16:26 /home/bb/Documents/01_Git_Repository/02-HydroModPy-dev/audit_code/02_core_config.md
-rw-r--r--. 1 bb bb 41K Apr 17 16:36 /home/bb/Documents/01_Git_Repository/02-HydroModPy-dev/audit_code/03_data_layer.md
-rw-r--r--. 1 bb bb 33K Apr 17 19:09 /home/bb/Documents/01_Git_Repository/02-HydroModPy-dev/audit_code/04_spatial_mesh.md
-rw-r--r--. 1 bb bb 43K Apr 17 19:23 /home/bb/Documents/01_Git_Repository/02-HydroModPy-dev/audit_code/05_process_solver.md
-rw-r--r--. 1 bb bb 48K Apr 17 19:32 /home/bb/Documents/01_Git_Repository/02-HydroModPy-dev/audit_code/06_simulation_engine.md
-rw-r--r--. 1 bb bb 57K Apr 17 19:40 /home/bb/Documents/01_Git_Repository/02-HydroModPy-dev/audit_code/07_results_storage.md
-rw-r--r--. 1 bb bb 38K Apr 17 19:50 /home/bb/Documents/01_Git_Repository/02-HydroModPy-dev/audit_code/08_analysis_display.md
-rw-r--r--. 1 bb bb 43K Apr 17 20:05 /home/bb/Documents/01_Git_Repository/02-HydroModPy-dev/audit_code/09_tests_audit.md
-rw-r--r--. 1 bb bb 58K Apr 18 02:50 /home/bb/Documents/01_Git_Repository/02-HydroModPy-dev/audit_code/10_pydantic_models.md
-rw-r--r--. 1 bb bb 54K Apr 18 02:58 /home/bb/Documents/01_Git_Repository/02-HydroModPy-dev/audit_code/11_synthese_finale.md
[2026-04-18 02:59:07] ================================================================
