[2026-04-17 15:57:14] Code modifie apres le dernier audit — rafraichissement necessaire
[2026-04-17 15:57:14] 
[2026-04-17 15:57:14] ================================================================
[2026-04-17 15:57:14]   RAFRAICHISSEMENT AUDIT (code modifie depuis le dernier audit)
[2026-04-17 15:57:14] ================================================================
[2026-04-17 15:57:14] Archive de 11 anciens fichiers audit
[2026-04-17 15:58:07] Audit manquant — lancement necessaire
[2026-04-17 15:58:07] 
[2026-04-17 15:58:07] ================================================================
[2026-04-17 15:58:07]   RAFRAICHISSEMENT AUDIT (code modifie depuis le dernier audit)
[2026-04-17 15:58:07] ================================================================
[2026-04-17 15:58:13] Audit manquant — lancement necessaire
[2026-04-17 15:58:13] 
[2026-04-17 15:58:13] ================================================================
[2026-04-17 15:58:13]   RAFRAICHISSEMENT AUDIT (code modifie depuis le dernier audit)
[2026-04-17 15:58:13] ================================================================
[2026-04-17 16:00:53] Audit manquant — lancement necessaire
[2026-04-17 16:00:53] 
[2026-04-17 16:00:53] ================================================================
[2026-04-17 16:00:53]   RAFRAICHISSEMENT AUDIT (code modifie depuis le dernier audit)
[2026-04-17 16:00:53] ================================================================
[2026-04-17 16:00:53] Lancement de run_audit.sh...
[2026-04-17 16:04:40] Audit manquant — lancement necessaire
[2026-04-17 16:04:40] 
[2026-04-17 16:04:40] ================================================================
[2026-04-17 16:04:40]   RAFRAICHISSEMENT AUDIT (code modifie depuis le dernier audit)
[2026-04-17 16:04:40] ================================================================
[2026-04-17 16:04:40] Lancement de run_audit.sh...
[2026-04-17 16:09:39] Audit manquant — lancement necessaire
[2026-04-17 16:09:39] 
[2026-04-17 16:09:39] ================================================================
[2026-04-17 16:09:39]   RAFRAICHISSEMENT AUDIT (code modifie depuis le dernier audit)
[2026-04-17 16:09:39] ================================================================
[2026-04-17 16:09:39] Lancement de run_audit.sh...
[2026-04-18 02:37:04] Audit a jour — skip rafraichissement
[2026-04-18 02:37:04] 
[2026-04-18 02:37:04] ================================================================
[2026-04-18 02:37:04]   ARCHITECTURE CIBLE HYDROMODPY
[2026-04-18 02:37:04]   Debut   : 2026-04-18 02:37:04
[2026-04-18 02:37:04]   Audit   : /home/bb/Documents/01_Git_Repository/02-HydroModPy-dev/audit_code
[2026-04-18 02:37:04]   Output  : /home/bb/Documents/01_Git_Repository/02-HydroModPy-dev/architecture_cible
[2026-04-18 02:37:04] ================================================================
[2026-04-18 02:37:04] START 01_structure_packages (tentative 1/12)
[2026-04-18 02:37:27] FAIL  01_structure_packages (rc=0, 23s): Execution error
[2026-04-18 02:37:27] WAIT  2min (backoff x1) -> resume 02:39:27
[2026-04-18 02:39:58] Audit incomplet (9/11 fichiers) — lancement necessaire
[2026-04-18 02:39:58] Lancement de run_audit.sh (les phases completes seront skippees)...
[2026-04-18 02:59:07] Audit termine: 11/11 fichiers
[2026-04-18 02:59:07] 
[2026-04-18 02:59:07] ================================================================
[2026-04-18 02:59:07]   ARCHITECTURE CIBLE HYDROMODPY
[2026-04-18 02:59:07]   Debut   : 2026-04-18 02:59:07
[2026-04-18 02:59:07]   Audit   : /home/bb/Documents/01_Git_Repository/02-HydroModPy-dev/audit_code
[2026-04-18 02:59:07]   Output  : /home/bb/Documents/01_Git_Repository/02-HydroModPy-dev/architecture_cible
[2026-04-18 02:59:07] ================================================================
[2026-04-18 02:59:07] START 01_structure_packages (tentative 1/12)
[2026-04-18 03:10:13] DONE  01_structure_packages (1777 lignes, 666s) -> /home/bb/Documents/01_Git_Repository/02-HydroModPy-dev/architecture_cible/01_structure_packages.md
[2026-04-18 03:10:13] START 02_config_pydantic (tentative 1/12)
[2026-04-18 03:17:53] DONE  02_config_pydantic (1156 lignes, 460s) -> /home/bb/Documents/01_Git_Repository/02-HydroModPy-dev/architecture_cible/02_config_pydantic.md
[2026-04-18 03:17:53] START 03_data_contracts (tentative 1/12)
[2026-04-18 03:24:00] DONE  03_data_contracts (1182 lignes, 367s) -> /home/bb/Documents/01_Git_Repository/02-HydroModPy-dev/architecture_cible/03_data_contracts.md
[2026-04-18 03:24:00] START 04_storage_ideal (tentative 1/12)
[2026-04-18 03:35:44] DONE  04_storage_ideal (2070 lignes, 704s) -> /home/bb/Documents/01_Git_Repository/02-HydroModPy-dev/architecture_cible/04_storage_ideal.md
[2026-04-18 03:35:44] START 05_solver_contracts (tentative 1/12)
[2026-04-18 03:45:54] DONE  05_solver_contracts (1446 lignes, 610s) -> /home/bb/Documents/01_Git_Repository/02-HydroModPy-dev/architecture_cible/05_solver_contracts.md
[2026-04-18 03:45:54] START 06_pipeline_execution (tentative 1/12)
[2026-04-18 03:55:08] DONE  06_pipeline_execution (1721 lignes, 554s) -> /home/bb/Documents/01_Git_Repository/02-HydroModPy-dev/architecture_cible/06_pipeline_execution.md
[2026-04-18 03:55:08] START 07_calibration (tentative 1/12)
[2026-04-18 04:05:57] DONE  07_calibration (1954 lignes, 649s) -> /home/bb/Documents/01_Git_Repository/02-HydroModPy-dev/architecture_cible/07_calibration.md
[2026-04-18 04:05:57] START 08_postprocess_display (tentative 1/12)
[2026-04-18 04:14:59] DONE  08_postprocess_display (1892 lignes, 542s) -> /home/bb/Documents/01_Git_Repository/02-HydroModPy-dev/architecture_cible/08_postprocess_display.md
[2026-04-18 04:14:59] START 09_tests_ideaux (tentative 1/12)
[2026-04-18 04:24:02] DONE  09_tests_ideaux (1434 lignes, 543s) -> /home/bb/Documents/01_Git_Repository/02-HydroModPy-dev/architecture_cible/09_tests_ideaux.md
[2026-04-18 04:24:02] START 10_ux_cli_api (tentative 1/12)
[2026-04-18 04:24:03] FAIL  10_ux_cli_api (rc=1, 1s): You've hit your limit · resets 5am (Europe/Paris)
[2026-04-18 04:24:03] QUOTA JOURNALIER EPUISE — attente jusqu'au reset
[2026-04-18 04:24:03]       Pause: 19h40m — resume: 2026-04-19 00:05
[2026-04-18 08:52:41] Audit complet (11/11) et a jour — skip
[2026-04-18 08:52:41] 
[2026-04-18 08:52:41] ================================================================
[2026-04-18 08:52:41]   ARCHITECTURE CIBLE HYDROMODPY
[2026-04-18 08:52:41]   Debut   : 2026-04-18 08:52:41
[2026-04-18 08:52:41]   Audit   : /home/bb/Documents/01_Git_Repository/02-HydroModPy-dev/audit_code
[2026-04-18 08:52:41]   Output  : /home/bb/Documents/01_Git_Repository/02-HydroModPy-dev/architecture_cible
[2026-04-18 08:52:41] ================================================================
[2026-04-18 08:52:41] SKIP  01_structure_packages (deja complete: 1777 lignes)
[2026-04-18 08:52:41] SKIP  02_config_pydantic (deja complete: 1156 lignes)
[2026-04-18 08:52:41] SKIP  03_data_contracts (deja complete: 1182 lignes)
[2026-04-18 08:52:41] SKIP  04_storage_ideal (deja complete: 2070 lignes)
[2026-04-18 08:52:41] SKIP  05_solver_contracts (deja complete: 1446 lignes)
[2026-04-18 08:52:41] SKIP  06_pipeline_execution (deja complete: 1721 lignes)
[2026-04-18 08:52:41] SKIP  07_calibration (deja complete: 1954 lignes)
[2026-04-18 08:52:41] SKIP  08_postprocess_display (deja complete: 1892 lignes)
[2026-04-18 08:52:41] SKIP  09_tests_ideaux (deja complete: 1434 lignes)
[2026-04-18 08:52:41] START 10_ux_cli_api (tentative 1/12)
[2026-04-18 09:00:57] DONE  10_ux_cli_api (2044 lignes, 496s) -> /home/bb/Documents/01_Git_Repository/02-HydroModPy-dev/architecture_cible/10_ux_cli_api.md
[2026-04-18 09:00:57] START 11_frontend_ready (tentative 1/12)
[2026-04-18 09:07:50] DONE  11_frontend_ready (1451 lignes, 413s) -> /home/bb/Documents/01_Git_Repository/02-HydroModPy-dev/architecture_cible/11_frontend_ready.md
[2026-04-18 09:07:50] START 12_input_data_rethink (tentative 1/12)
[2026-04-18 09:16:15] DONE  12_input_data_rethink (1629 lignes, 505s) -> /home/bb/Documents/01_Git_Repository/02-HydroModPy-dev/architecture_cible/12_input_data_rethink.md
[2026-04-18 09:16:15] START 13_coherence_globale (tentative 1/12)
[2026-04-18 09:31:31] DONE  13_coherence_globale (1059 lignes, 916s) -> /home/bb/Documents/01_Git_Repository/02-HydroModPy-dev/architecture_cible/13_coherence_globale.md
[2026-04-18 09:31:31] START 14_plan_migration (tentative 1/12)
[2026-04-18 10:10:57] DONE  14_plan_migration (3252 lignes, 2366s) -> /home/bb/Documents/01_Git_Repository/02-HydroModPy-dev/architecture_cible/14_plan_migration.md
[2026-04-18 10:10:57] 
[2026-04-18 10:10:57] ================================================================
[2026-04-18 10:10:57]   ARCHITECTURE CIBLE TERMINEE
[2026-04-18 10:10:57]   Fin     : 2026-04-18 10:10:57
[2026-04-18 10:10:57]   Phases  : 14/14 completees
[2026-04-18 10:10:57]   Fichiers:
-rw-r--r--. 1 bb bb 92K Apr 18 03:09 /home/bb/Documents/01_Git_Repository/02-HydroModPy-dev/architecture_cible/01_structure_packages.md
-rw-r--r--. 1 bb bb 54K Apr 18 03:17 /home/bb/Documents/01_Git_Repository/02-HydroModPy-dev/architecture_cible/02_config_pydantic.md
-rw-r--r--. 1 bb bb 52K Apr 18 03:23 /home/bb/Documents/01_Git_Repository/02-HydroModPy-dev/architecture_cible/03_data_contracts.md
-rw-r--r--. 1 bb bb 91K Apr 18 03:35 /home/bb/Documents/01_Git_Repository/02-HydroModPy-dev/architecture_cible/04_storage_ideal.md
-rw-r--r--. 1 bb bb 67K Apr 18 03:45 /home/bb/Documents/01_Git_Repository/02-HydroModPy-dev/architecture_cible/05_solver_contracts.md
-rw-r--r--. 1 bb bb 81K Apr 18 03:54 /home/bb/Documents/01_Git_Repository/02-HydroModPy-dev/architecture_cible/06_pipeline_execution.md
-rw-r--r--. 1 bb bb 92K Apr 18 04:05 /home/bb/Documents/01_Git_Repository/02-HydroModPy-dev/architecture_cible/07_calibration.md
-rw-r--r--. 1 bb bb 78K Apr 18 04:14 /home/bb/Documents/01_Git_Repository/02-HydroModPy-dev/architecture_cible/08_postprocess_display.md
-rw-r--r--. 1 bb bb 74K Apr 18 04:24 /home/bb/Documents/01_Git_Repository/02-HydroModPy-dev/architecture_cible/09_tests_ideaux.md
-rw-r--r--. 1 bb bb 74K Apr 18 09:00 /home/bb/Documents/01_Git_Repository/02-HydroModPy-dev/architecture_cible/10_ux_cli_api.md
-rw-r--r--. 1 bb bb 54K Apr 18 09:07 /home/bb/Documents/01_Git_Repository/02-HydroModPy-dev/architecture_cible/11_frontend_ready.md
-rw-r--r--. 1 bb bb 79K Apr 18 09:16 /home/bb/Documents/01_Git_Repository/02-HydroModPy-dev/architecture_cible/12_input_data_rethink.md
-rw-r--r--. 1 bb bb 70K Apr 18 09:31 /home/bb/Documents/01_Git_Repository/02-HydroModPy-dev/architecture_cible/13_coherence_globale.md
-rw-r--r--. 1 bb bb 146K Apr 18 10:10 /home/bb/Documents/01_Git_Repository/02-HydroModPy-dev/architecture_cible/14_plan_migration.md
[2026-04-18 10:10:57] ================================================================
