2026-03-07 12:33:10,491 [INFO] [hydromodpy.geographic.geographic] [geographic:90] Extracting geographic data for model area
2026-03-07 12:33:12,829 [INFO] [hydromodpy.data_managers.climatic.climatic] [climatic:39] Initializing climatic module parameters
2026-03-07 12:33:18,973 [INFO] [hydromodpy.data_managers.hydrography.hydrography] [hydrography:55] Extracting hydrography data from C:\codes\HydroModPy-GH\examples_legacy\example12\data
2026-03-07 12:33:19,238 [DEBUG] [hydromodpy.data_managers.hydrography.hydrography] [hydrography:117] Processing line geometry type: LineString
2026-03-07 12:33:19,369 [INFO] [hydromodpy.data_managers.intermittency.intermittency] [intermittency:129] Extracting stream intermittency data from C:\codes\HydroModPy-GH\examples_legacy\example12\data
2026-03-07 12:33:32,049 [WARNING] [hydromodpy.data_managers.intermittency.intermittency] [intermittency:154] Intermittency loading failed: C:\codes\HydroModPy-GH\_profile_launcher_normal\20260307_123310_data_breakdown\outputs\example12\results_stable\intermittency\regional onde stations.shp: No such file or directory
Traceback (most recent call last):
  File "C:\codes\HydroModPy-GH\hydromodpy\data_managers\intermittency\intermittency.py", line 146, in __init__
    self.extract_intermittency_from_watershed(
  File "C:\codes\HydroModPy-GH\hydromodpy\data_managers\intermittency\intermittency.py", line 175, in extract_intermittency_from_watershed
    intermit_bv = gpd.read_file(self.onde_clip)
                  ^^^^^^^^^^^^^^^^^^^^^^^^^^^^^
  File "C:\Users\dreuzy\AppData\Roaming\Python\Python312\site-packages\geopandas\io\file.py", line 316, in _read_file
    return _read_file_pyogrio(
           ^^^^^^^^^^^^^^^^^^^
  File "C:\Users\dreuzy\AppData\Roaming\Python\Python312\site-packages\geopandas\io\file.py", line 576, in _read_file_pyogrio
    return pyogrio.read_dataframe(path_or_bytes, bbox=bbox, **kwargs)
           ^^^^^^^^^^^^^^^^^^^^^^^^^^^^^^^^^^^^^^^^^^^^^^^^^^^^^^^^^^
  File "C:\Users\dreuzy\AppData\Roaming\Python\Python312\site-packages\pyogrio\geopandas.py", line 382, in read_dataframe
    result = read_func(
             ^^^^^^^^^^
  File "C:\Users\dreuzy\AppData\Roaming\Python\Python312\site-packages\pyogrio\raw.py", line 200, in read
    return ogr_read(
           ^^^^^^^^^
  File "pyogrio/_io.pyx", line 1412, in pyogrio._io.ogr_read
  File "pyogrio/_io.pyx", line 262, in pyogrio._io.ogr_open
pyogrio.errors.DataSourceError: C:\codes\HydroModPy-GH\_profile_launcher_normal\20260307_123310_data_breakdown\outputs\example12\results_stable\intermittency\regional onde stations.shp: No such file or directory
