2026-03-07 14:19:11,062 [INFO] [hydromodpy.geographic.geographic] [geographic:90] Extracting geographic data for model area
2026-03-07 14:19:26,167 [INFO] [hydromodpy.data_managers.climatic.climatic] [climatic:39] Initializing climatic module parameters
2026-03-07 14:19:31,363 [INFO] [hydromodpy.data_managers.hydrography.hydrography] [hydrography:55] Extracting hydrography data from C:\codes\HydroModPy-GH\examples_legacy\example12\data
2026-03-07 14:19:31,608 [DEBUG] [hydromodpy.data_managers.hydrography.hydrography] [hydrography:117] Processing line geometry type: LineString
2026-03-07 14:19:31,815 [INFO] [hydromodpy.data_managers.intermittency.intermittency] [intermittency:129] Extracting stream intermittency data from C:\codes\HydroModPy-GH\examples_legacy\example12\data
2026-03-07 14:19:44,762 [WARNING] [hydromodpy.data_managers.intermittency.intermittency] [intermittency:154] Intermittency loading failed: c:\codes\HydroModPy-GH\_profile_launcher_normal\20260307_141904_rerun\launcher_simulation_outputs\example12\results_stable\intermittency\regional onde stations.shp: No such file or directory
Traceback (most recent call last):
  File "C:\codes\HydroModPy-GH\hydromodpy\data_managers\intermittency\intermittency.py", line 146, in __init__
    self.extract_intermittency_from_watershed(
  File "C:\codes\HydroModPy-GH\hydromodpy\data_managers\intermittency\intermittency.py", line 175, in extract_intermittency_from_watershed
    intermit_bv = gpd.read_file(self.onde_clip)
                  ^^^^^^^^^^^^^^^^^^^^^^^^^^^^^
  File "C:\Users\dreuzy\AppData\Roaming\Python\Python312\site-packages\geopandas\io\file.py", line 316, in _read_file
    return _read_file_pyogrio(
           ^^^^^^^^^^^^^^^^^^^
  File "C:\Users\dreuzy\AppData\Roaming\Python\Python312\site-packages\geopandas\io\file.py", line 576, in _read_file_pyogrio
    return pyogrio.read_dataframe(path_or_bytes, bbox=bbox, **kwargs)
           ^^^^^^^^^^^^^^^^^^^^^^^^^^^^^^^^^^^^^^^^^^^^^^^^^^^^^^^^^^
  File "C:\Users\dreuzy\AppData\Roaming\Python\Python312\site-packages\pyogrio\geopandas.py", line 382, in read_dataframe
    result = read_func(
             ^^^^^^^^^^
  File "C:\Users\dreuzy\AppData\Roaming\Python\Python312\site-packages\pyogrio\raw.py", line 200, in read
    return ogr_read(
           ^^^^^^^^^
  File "pyogrio/_io.pyx", line 1412, in pyogrio._io.ogr_read
  File "pyogrio/_io.pyx", line 262, in pyogrio._io.ogr_open
pyogrio.errors.DataSourceError: c:\codes\HydroModPy-GH\_profile_launcher_normal\20260307_141904_rerun\launcher_simulation_outputs\example12\results_stable\intermittency\regional onde stations.shp: No such file or directory
2026-03-07 14:20:37,295 [INFO] [hydromodpy.solver.modflow_nwt.modflow.property_mapping] [property_mapping:185] Hydraulic conductivity mapped from flow.K on domain geology
2026-03-07 14:20:42,200 [INFO] [hydromodpy.solver.modflow_nwt.modflow.property_mapping] [property_mapping:185] Specific yield mapped from flow.Sy on domain geology
2026-03-07 14:20:46,369 [INFO] [hydromodpy.solver.modflow_nwt.modflow.property_mapping] [property_mapping:185] Specific storage mapped from flow.Ss on domain geology
2026-03-07 14:20:46,383 [DEBUG] [hydromodpy.solver.modflow_nwt.modflow.diagnostics] [diagnostics:48] Checking layer 0
2026-03-07 14:20:46,451 [DEBUG] [hydromodpy.solver.modflow_nwt.modflow.diagnostics] [diagnostics:48] Checking layer 1
2026-03-07 14:20:46,513 [INFO] [hydromodpy.solver.modflow_nwt.modflow.nwt_solver] [nwt_solver:500] MODFLOW grid connectivity check passed
2026-03-07 14:20:52,191 [DEBUG] [hydromodpy.solver.modflow_nwt.modflow.nwt_solver] [nwt_solver:636] Post-processing MODFLOW: Example_12_launcher_normal_fast
2026-03-07 14:20:52,191 [INFO] [hydromodpy.solver.modflow_nwt.modflow.nwt_solver] [nwt_solver:641] Post-processing stress period 1/3
2026-03-07 14:20:53,750 [INFO] [hydromodpy.solver.modflow_nwt.modflow.nwt_solver] [nwt_solver:641] Post-processing stress period 2/3
2026-03-07 14:20:54,927 [INFO] [hydromodpy.solver.modflow_nwt.modflow.nwt_solver] [nwt_solver:641] Post-processing stress period 3/3
2026-03-07 14:20:55,771 [INFO] [hydromodpy.solver.modflow_nwt.modflow.nwt_solver] [nwt_solver:763] Exporting watertable elevation time series
2026-03-07 14:20:56,326 [INFO] [hydromodpy.solver.modflow_nwt.modflow.nwt_solver] [nwt_solver:763] Exporting watertable depth time series
2026-03-07 14:20:56,473 [INFO] [hydromodpy.solver.modflow_nwt.modflow.nwt_solver] [nwt_solver:763] Exporting seepage areas time series
2026-03-07 14:20:56,616 [INFO] [hydromodpy.solver.modflow_nwt.modflow.nwt_solver] [nwt_solver:763] Exporting outflow drain time series
2026-03-07 14:20:56,738 [INFO] [hydromodpy.solver.modflow_nwt.modflow.nwt_solver] [nwt_solver:763] Exporting groundwater flux time series
2026-03-07 14:20:56,898 [INFO] [hydromodpy.solver.modflow_nwt.modflow.nwt_solver] [nwt_solver:763] Exporting groundwater storage time series
2026-03-07 14:20:57,029 [INFO] [hydromodpy.solver.modflow_nwt.modflow.nwt_solver] [nwt_solver:763] Exporting accumulation flux time series
2026-03-07 14:20:57,185 [WARNING] [hydromodpy.solver.modflow_nwt.modflow.intermittency] [intermittency:79] Intermittency monthly: not enough time steps (3 < 12), skipping.
2026-03-07 14:20:57,565 [DEBUG] [hydromodpy.solver.modflow_nwt.modpath.modpath] [modpath:387] Modpath settings - track: 2, zone_opt: 1, zone_inj: <class 'int'>
2026-03-07 14:21:04,550 [INFO] [hydromodpy.solver.modflow_nwt.mt3dms.mt3dms] [mt3dms:374] Processing MT3DMS timestep 1/3
2026-03-07 14:21:04,652 [INFO] [hydromodpy.solver.modflow_nwt.mt3dms.mt3dms] [mt3dms:374] Processing MT3DMS timestep 2/3
2026-03-07 14:21:04,652 [INFO] [hydromodpy.solver.modflow_nwt.mt3dms.mt3dms] [mt3dms:374] Processing MT3DMS timestep 3/3
2026-03-07 14:21:04,655 [INFO] [hydromodpy.solver.modflow_nwt.mt3dms.mt3dms] [mt3dms:430] Exporting concentration seepage timeseries
2026-03-07 14:21:04,692 [INFO] [hydromodpy.solver.modflow_nwt.mt3dms.mt3dms] [mt3dms:434] Exporting mass seepage timeseries
