2026-03-07 12:30:26,390 [INFO] [hydromodpy.geographic.geographic] [geographic:90] Extracting geographic data for model area
2026-03-07 12:30:29,287 [INFO] [hydromodpy.data_managers.climatic.climatic] [climatic:39] Initializing climatic module parameters
2026-03-07 12:30:36,604 [INFO] [hydromodpy.data_managers.hydrography.hydrography] [hydrography:55] Extracting hydrography data from C:\codes\HydroModPy-GH\examples_legacy\example12\data
2026-03-07 12:30:36,869 [DEBUG] [hydromodpy.data_managers.hydrography.hydrography] [hydrography:117] Processing line geometry type: LineString
2026-03-07 12:30:37,069 [INFO] [hydromodpy.data_managers.intermittency.intermittency] [intermittency:129] Extracting stream intermittency data from C:\codes\HydroModPy-GH\examples_legacy\example12\data
2026-03-07 12:30:53,188 [WARNING] [hydromodpy.data_managers.intermittency.intermittency] [intermittency:154] Intermittency loading failed: C:\codes\HydroModPy-GH\_profile_launcher_normal\20260307_123024\outputs\example12\results_stable\intermittency\regional onde stations.shp: No such file or directory
Traceback (most recent call last):
  File "C:\codes\HydroModPy-GH\hydromodpy\data_managers\intermittency\intermittency.py", line 146, in __init__
    self.extract_intermittency_from_watershed(
  File "C:\codes\HydroModPy-GH\hydromodpy\data_managers\intermittency\intermittency.py", line 175, in extract_intermittency_from_watershed
    intermit_bv = gpd.read_file(self.onde_clip)
                  ^^^^^^^^^^^^^^^^^^^^^^^^^^^^^
  File "C:\Users\dreuzy\AppData\Roaming\Python\Python312\site-packages\geopandas\io\file.py", line 316, in _read_file
    return _read_file_pyogrio(
           ^^^^^^^^^^^^^^^^^^^
  File "C:\Users\dreuzy\AppData\Roaming\Python\Python312\site-packages\geopandas\io\file.py", line 576, in _read_file_pyogrio
    return pyogrio.read_dataframe(path_or_bytes, bbox=bbox, **kwargs)
           ^^^^^^^^^^^^^^^^^^^^^^^^^^^^^^^^^^^^^^^^^^^^^^^^^^^^^^^^^^
  File "C:\Users\dreuzy\AppData\Roaming\Python\Python312\site-packages\pyogrio\geopandas.py", line 382, in read_dataframe
    result = read_func(
             ^^^^^^^^^^
  File "C:\Users\dreuzy\AppData\Roaming\Python\Python312\site-packages\pyogrio\raw.py", line 200, in read
    return ogr_read(
           ^^^^^^^^^
  File "pyogrio/_io.pyx", line 1412, in pyogrio._io.ogr_read
  File "pyogrio/_io.pyx", line 262, in pyogrio._io.ogr_open
pyogrio.errors.DataSourceError: C:\codes\HydroModPy-GH\_profile_launcher_normal\20260307_123024\outputs\example12\results_stable\intermittency\regional onde stations.shp: No such file or directory
2026-03-07 12:31:41,051 [INFO] [hydromodpy.solver.modflow_nwt.modflow.property_mapping] [property_mapping:185] Hydraulic conductivity mapped from flow.K on domain geology
2026-03-07 12:31:46,436 [INFO] [hydromodpy.solver.modflow_nwt.modflow.property_mapping] [property_mapping:185] Specific yield mapped from flow.Sy on domain geology
2026-03-07 12:31:49,876 [INFO] [hydromodpy.solver.modflow_nwt.modflow.property_mapping] [property_mapping:185] Specific storage mapped from flow.Ss on domain geology
2026-03-07 12:31:49,900 [DEBUG] [hydromodpy.solver.modflow_nwt.modflow.diagnostics] [diagnostics:48] Checking layer 0
2026-03-07 12:31:49,950 [DEBUG] [hydromodpy.solver.modflow_nwt.modflow.diagnostics] [diagnostics:48] Checking layer 1
2026-03-07 12:31:50,006 [INFO] [hydromodpy.solver.modflow_nwt.modflow.nwt_solver] [nwt_solver:500] MODFLOW grid connectivity check passed
2026-03-07 12:31:51,145 [DEBUG] [hydromodpy.solver.modflow_nwt.modflow.nwt_solver] [nwt_solver:636] Post-processing MODFLOW: Example_12_launcher_normal_fast
2026-03-07 12:31:51,145 [INFO] [hydromodpy.solver.modflow_nwt.modflow.nwt_solver] [nwt_solver:641] Post-processing stress period 1/3
2026-03-07 12:31:51,363 [INFO] [hydromodpy.solver.modflow_nwt.modflow.nwt_solver] [nwt_solver:641] Post-processing stress period 2/3
2026-03-07 12:31:51,524 [INFO] [hydromodpy.solver.modflow_nwt.modflow.nwt_solver] [nwt_solver:641] Post-processing stress period 3/3
2026-03-07 12:31:51,681 [INFO] [hydromodpy.solver.modflow_nwt.modflow.nwt_solver] [nwt_solver:763] Exporting watertable elevation time series
2026-03-07 12:31:51,692 [INFO] [hydromodpy.solver.modflow_nwt.modflow.nwt_solver] [nwt_solver:763] Exporting watertable depth time series
2026-03-07 12:31:51,697 [INFO] [hydromodpy.solver.modflow_nwt.modflow.nwt_solver] [nwt_solver:763] Exporting seepage areas time series
2026-03-07 12:31:51,697 [INFO] [hydromodpy.solver.modflow_nwt.modflow.nwt_solver] [nwt_solver:763] Exporting outflow drain time series
2026-03-07 12:31:51,713 [INFO] [hydromodpy.solver.modflow_nwt.modflow.nwt_solver] [nwt_solver:763] Exporting groundwater flux time series
2026-03-07 12:31:51,728 [INFO] [hydromodpy.solver.modflow_nwt.modflow.nwt_solver] [nwt_solver:763] Exporting groundwater storage time series
2026-03-07 12:31:51,728 [INFO] [hydromodpy.solver.modflow_nwt.modflow.nwt_solver] [nwt_solver:763] Exporting accumulation flux time series
2026-03-07 12:31:51,744 [WARNING] [hydromodpy.solver.modflow_nwt.modflow.intermittency] [intermittency:79] Intermittency monthly: not enough time steps (3 < 12), skipping.
2026-03-07 12:31:51,833 [DEBUG] [hydromodpy.solver.modflow_nwt.modpath.modpath] [modpath:387] Modpath settings - track: 2, zone_opt: 1, zone_inj: <class 'int'>
2026-03-07 12:31:55,272 [INFO] [hydromodpy.solver.modflow_nwt.mt3dms.mt3dms] [mt3dms:374] Processing MT3DMS timestep 1/3
2026-03-07 12:31:55,300 [INFO] [hydromodpy.solver.modflow_nwt.mt3dms.mt3dms] [mt3dms:374] Processing MT3DMS timestep 2/3
2026-03-07 12:31:55,301 [INFO] [hydromodpy.solver.modflow_nwt.mt3dms.mt3dms] [mt3dms:374] Processing MT3DMS timestep 3/3
2026-03-07 12:31:55,301 [INFO] [hydromodpy.solver.modflow_nwt.mt3dms.mt3dms] [mt3dms:430] Exporting concentration seepage timeseries
2026-03-07 12:31:55,302 [INFO] [hydromodpy.solver.modflow_nwt.mt3dms.mt3dms] [mt3dms:434] Exporting mass seepage timeseries
